../Core/Src/main.c:95:5:main	192	static
../Core/Src/main.c:201:6:SystemClock_Config	88	static
../Core/Src/main.c:247:13:MX_ADC1_Init	24	static
../Core/Src/main.c:294:13:MX_I2C1_Init	8	static
../Core/Src/main.c:328:13:MX_TIM2_Init	64	static
../Core/Src/main.c:387:13:MX_USART1_UART_Init	8	static
../Core/Src/main.c:420:13:MX_USART3_UART_Init	8	static
../Core/Src/main.c:453:13:MX_GPIO_Init	40	static
../Core/Src/main.c:500:6:LCD_Task	96	static
../Core/Src/main.c:587:6:DHT_Task	24	static
../Core/Src/main.c:616:6:ServoMP3_Task	56	static
../Core/Src/main.c:675:6:Sound_Task	24	static
../Core/Src/main.c:707:6:HAL_TIM_PeriodElapsedCallback	16	static
../Core/Src/main.c:724:6:Error_Handler	4	static,ignoring_inline_asm
